Archive member included because of file (symbol)

c:/program files (x86)/emblocks/1.10/share/em_armgcc/bin/../lib/gcc/arm-none-eabi/4.7.3/../../../../arm-none-eabi/lib/armv7-m\libc.a(lib_a-__atexit.o)
                              c:/program files (x86)/emblocks/1.10/share/em_armgcc/bin/../lib/gcc/arm-none-eabi/4.7.3/../../../../arm-none-eabi/lib/armv7-m/crt0.o (__register_exitproc)
c:/program files (x86)/emblocks/1.10/share/em_armgcc/bin/../lib/gcc/arm-none-eabi/4.7.3/../../../../arm-none-eabi/lib/armv7-m\libc.a(lib_a-exit.o)
                              c:/program files (x86)/emblocks/1.10/share/em_armgcc/bin/../lib/gcc/arm-none-eabi/4.7.3/../../../../arm-none-eabi/lib/armv7-m/crt0.o (exit)
c:/program files (x86)/emblocks/1.10/share/em_armgcc/bin/../lib/gcc/arm-none-eabi/4.7.3/../../../../arm-none-eabi/lib/armv7-m\libc.a(lib_a-fini.o)
                              c:/program files (x86)/emblocks/1.10/share/em_armgcc/bin/../lib/gcc/arm-none-eabi/4.7.3/../../../../arm-none-eabi/lib/armv7-m/crt0.o (__libc_fini_array)
c:/program files (x86)/emblocks/1.10/share/em_armgcc/bin/../lib/gcc/arm-none-eabi/4.7.3/../../../../arm-none-eabi/lib/armv7-m\libc.a(lib_a-impure.o)
                              c:/program files (x86)/emblocks/1.10/share/em_armgcc/bin/../lib/gcc/arm-none-eabi/4.7.3/../../../../arm-none-eabi/lib/armv7-m\libc.a(lib_a-__atexit.o) (_global_impure_ptr)
c:/program files (x86)/emblocks/1.10/share/em_armgcc/bin/../lib/gcc/arm-none-eabi/4.7.3/../../../../arm-none-eabi/lib/armv7-m\libc.a(lib_a-init.o)
                              c:/program files (x86)/emblocks/1.10/share/em_armgcc/bin/../lib/gcc/arm-none-eabi/4.7.3/../../../../arm-none-eabi/lib/armv7-m/crt0.o (__libc_init_array)
c:/program files (x86)/emblocks/1.10/share/em_armgcc/bin/../lib/gcc/arm-none-eabi/4.7.3/../../../../arm-none-eabi/lib/armv7-m\libc.a(lib_a-memcpy-stub.o)
                              .\obj\bsp_stk.o (memcpy)
c:/program files (x86)/emblocks/1.10/share/em_armgcc/bin/../lib/gcc/arm-none-eabi/4.7.3/../../../../arm-none-eabi/lib/armv7-m\libc.a(lib_a-memset.o)
                              c:/program files (x86)/emblocks/1.10/share/em_armgcc/bin/../lib/gcc/arm-none-eabi/4.7.3/../../../../arm-none-eabi/lib/armv7-m/crt0.o (memset)
c:/program files (x86)/emblocks/1.10/share/em_armgcc/bin/../lib/gcc/arm-none-eabi/4.7.3/../../../../arm-none-eabi/lib/armv7-m\libc.a(lib_a-strlen.o)
                              .\obj\segmentlcd.o (strlen)
c:/program files (x86)/emblocks/1.10/share/em_armgcc/bin/../lib/gcc/arm-none-eabi/4.7.3/../../../../arm-none-eabi/lib/armv7-m\libc.a(lib_a-__call_atexit.o)
                              c:/program files (x86)/emblocks/1.10/share/em_armgcc/bin/../lib/gcc/arm-none-eabi/4.7.3/../../../../arm-none-eabi/lib/armv7-m\libc.a(lib_a-exit.o) (__call_exitprocs)
c:/program files (x86)/emblocks/1.10/share/em_armgcc/bin/../lib/gcc/arm-none-eabi/4.7.3/../../../../arm-none-eabi/lib/armv7-m\libc.a(lib_a-atexit.o)
                              c:/program files (x86)/emblocks/1.10/share/em_armgcc/bin/../lib/gcc/arm-none-eabi/4.7.3/../../../../arm-none-eabi/lib/armv7-m\libc.a(lib_a-__call_atexit.o) (atexit)
c:/program files (x86)/emblocks/1.10/share/em_armgcc/bin/../lib/gcc/arm-none-eabi/4.7.3/../../../../arm-none-eabi/lib/armv7-m\libnosys.a(_exit.o)
                              c:/program files (x86)/emblocks/1.10/share/em_armgcc/bin/../lib/gcc/arm-none-eabi/4.7.3/../../../../arm-none-eabi/lib/armv7-m\libc.a(lib_a-exit.o) (_exit)

Allocating common symbols
Common symbol       size              file

SystemCoreClock     0x4               .\obj\system_efm32gg.o
pomodoro            0x14              .\obj\time_management.o
activity            0x7               .\obj\activity_app.o
msTicks             0x4               .\obj\blink.o
alarm2              0x14              .\obj\time_management.o
currentTime         0x14              .\obj\time_management.o
clock_setup_state   0x4               .\obj\setup_time_app.o
alarm1              0x14              .\obj\time_management.o

Discarded input sections

 .text          0x00000000        0x0 c:/program files (x86)/emblocks/1.10/share/em_armgcc/bin/../lib/gcc/arm-none-eabi/4.7.3/armv7-m/crti.o
 .data          0x00000000        0x0 c:/program files (x86)/emblocks/1.10/share/em_armgcc/bin/../lib/gcc/arm-none-eabi/4.7.3/armv7-m/crti.o
 .bss           0x00000000        0x0 c:/program files (x86)/emblocks/1.10/share/em_armgcc/bin/../lib/gcc/arm-none-eabi/4.7.3/armv7-m/crti.o
 .data          0x00000000        0x4 c:/program files (x86)/emblocks/1.10/share/em_armgcc/bin/../lib/gcc/arm-none-eabi/4.7.3/armv7-m/crtbegin.o
 .data          0x00000000        0x0 c:/program files (x86)/emblocks/1.10/share/em_armgcc/bin/../lib/gcc/arm-none-eabi/4.7.3/../../../../arm-none-eabi/lib/armv7-m/crt0.o
 .bss           0x00000000        0x0 c:/program files (x86)/emblocks/1.10/share/em_armgcc/bin/../lib/gcc/arm-none-eabi/4.7.3/../../../../arm-none-eabi/lib/armv7-m/crt0.o
 .ARM.extab     0x00000000        0x0 c:/program files (x86)/emblocks/1.10/share/em_armgcc/bin/../lib/gcc/arm-none-eabi/4.7.3/../../../../arm-none-eabi/lib/armv7-m/crt0.o
 .text          0x00000000        0x0 .\obj\activity_app.o
 .data          0x00000000        0x0 .\obj\activity_app.o
 .bss           0x00000000        0x0 .\obj\activity_app.o
 .text          0x00000000        0x0 .\obj\blink.o
 .data          0x00000000        0x0 .\obj\blink.o
 .bss           0x00000000        0x0 .\obj\blink.o
 .text.Delay    0x00000000       0x2c .\obj\blink.o
 .text          0x00000000        0x0 .\obj\bsp_bcc.o
 .data          0x00000000        0x0 .\obj\bsp_bcc.o
 .bss           0x00000000        0x0 .\obj\bsp_bcc.o
 .data.usartInit
                0x00000000       0x18 .\obj\bsp_bcc.o
 .bss.rxByteCount
                0x00000000        0x4 .\obj\bsp_bcc.o
 .bss.txByteCount
                0x00000000        0x4 .\obj\bsp_bcc.o
 .text.BSP_BccDeInit
                0x00000000       0x80 .\obj\bsp_bcc.o
 .text.BSP_BccInit
                0x00000000       0xb4 .\obj\bsp_bcc.o
 .text.BSP_BccPacketReceive
                0x00000000       0xd4 .\obj\bsp_bcc.o
 .text.BSP_BccPacketSend
                0x00000000       0x70 .\obj\bsp_bcc.o
 .text.BSP_BccUsartGet
                0x00000000        0xc .\obj\bsp_bcc.o
 .text.RxByte   0x00000000       0x48 .\obj\bsp_bcc.o
 .text.TxByte   0x00000000       0x48 .\obj\bsp_bcc.o
 .debug_info    0x00000000      0x80b .\obj\bsp_bcc.o
 .debug_abbrev  0x00000000      0x18e .\obj\bsp_bcc.o
 .debug_loc     0x00000000       0xd8 .\obj\bsp_bcc.o
 .debug_aranges
                0x00000000       0x50 .\obj\bsp_bcc.o
 .debug_ranges  0x00000000       0x40 .\obj\bsp_bcc.o
 .debug_line    0x00000000      0x264 .\obj\bsp_bcc.o
 .debug_str     0x00000000      0x9f2 .\obj\bsp_bcc.o
 .comment       0x00000000       0x4f .\obj\bsp_bcc.o
 .ARM.attributes
                0x00000000       0x33 .\obj\bsp_bcc.o
 .debug_frame   0x00000000       0xa8 .\obj\bsp_bcc.o
 .text          0x00000000        0x0 .\obj\bsp_stk.o
 .data          0x00000000        0x0 .\obj\bsp_stk.o
 .bss           0x00000000        0x0 .\obj\bsp_stk.o
 .text.BSP_Disable
                0x00000000       0x14 .\obj\bsp_stk.o
 .rodata        0x00000000       0x50 .\obj\bsp_stk.o
 .text.BSP_EbiInit
                0x00000000      0x1b0 .\obj\bsp_stk.o
 .text.BSP_EbiDeInit
                0x00000000        0x8 .\obj\bsp_stk.o
 .text.BSP_Init
                0x00000000       0x20 .\obj\bsp_stk.o
 .text.BSP_CurrentGet
                0x00000000       0x48 .\obj\bsp_stk.o
 .text.BSP_VoltageGet
                0x00000000       0x48 .\obj\bsp_stk.o
 .debug_info    0x00000000      0xa1b .\obj\bsp_stk.o
 .debug_abbrev  0x00000000      0x15a .\obj\bsp_stk.o
 .debug_loc     0x00000000       0xd3 .\obj\bsp_stk.o
 .debug_aranges
                0x00000000       0x48 .\obj\bsp_stk.o
 .debug_ranges  0x00000000       0x38 .\obj\bsp_stk.o
 .debug_line    0x00000000      0x216 .\obj\bsp_stk.o
 .debug_str     0x00000000      0xb1c .\obj\bsp_stk.o
 .comment       0x00000000       0x4f .\obj\bsp_stk.o
 .ARM.attributes
                0x00000000       0x33 .\obj\bsp_stk.o
 .debug_frame   0x00000000       0xa0 .\obj\bsp_stk.o
 .text          0x00000000        0x0 .\obj\bsp_stk_leds.o
 .data          0x00000000        0x0 .\obj\bsp_stk_leds.o
 .bss           0x00000000        0x0 .\obj\bsp_stk_leds.o
 .rodata        0x00000000       0x24 .\obj\bsp_stk_leds.o
 .text.GPIO_PinOutClear
                0x00000000       0x5c .\obj\bsp_stk_leds.o
 .text.GPIO_PinOutGet
                0x00000000       0x5c .\obj\bsp_stk_leds.o
 .text.GPIO_PinOutSet
                0x00000000       0x5c .\obj\bsp_stk_leds.o
 .text.GPIO_PinOutToggle
                0x00000000       0x5c .\obj\bsp_stk_leds.o
 .text.BSP_LedsGet
                0x00000000       0x6c .\obj\bsp_stk_leds.o
 .text.BSP_LedsSet
                0x00000000       0x90 .\obj\bsp_stk_leds.o
 .text.BSP_LedClear
                0x00000000       0x4c .\obj\bsp_stk_leds.o
 .text.BSP_LedGet
                0x00000000       0x4c .\obj\bsp_stk_leds.o
 .text.BSP_LedSet
                0x00000000       0x4c .\obj\bsp_stk_leds.o
 .text.BSP_LedToggle
                0x00000000       0x4c .\obj\bsp_stk_leds.o
 .text          0x00000000        0x0 .\obj\bsp_trace.o
 .data          0x00000000        0x0 .\obj\bsp_trace.o
 .bss           0x00000000        0x0 .\obj\bsp_trace.o
 .text          0x00000000        0x0 .\obj\buttons.o
 .data          0x00000000        0x0 .\obj\buttons.o
 .bss           0x00000000        0x0 .\obj\buttons.o
 .text          0x00000000        0x0 .\obj\em_assert.o
 .data          0x00000000        0x0 .\obj\em_assert.o
 .bss           0x00000000        0x0 .\obj\em_assert.o
 .text          0x00000000        0x0 .\obj\em_cmu.o
 .data          0x00000000        0x0 .\obj\em_cmu.o
 .bss           0x00000000        0x0 .\obj\em_cmu.o
 .text.CMU_USBCClkGet
                0x00000000       0x50 .\obj\em_cmu.o
 .text.CMU_AUXClkGet
                0x00000000       0x94 .\obj\em_cmu.o
 .text.CMU_DBGClkGet
                0x00000000       0x70 .\obj\em_cmu.o
 .text.CMU_LFClkGet
                0x00000000       0xe0 .\obj\em_cmu.o
 .text.CMU_Calibrate
                0x00000000       0xf0 .\obj\em_cmu.o
 .text.CMU_CalibrateConfig
                0x00000000      0x124 .\obj\em_cmu.o
 .text.CMU_ClockFreqGet
                0x00000000      0x274 .\obj\em_cmu.o
 .text.CMU_FreezeEnable
                0x00000000       0x44 .\obj\em_cmu.o
 .text.CMU_AUXHFRCOBandGet
                0x00000000       0x18 .\obj\em_cmu.o
 .text.CMU_AUXHFRCOBandSet
                0x00000000       0xec .\obj\em_cmu.o
 .text.CMU_HFRCOBandGet
                0x00000000       0x18 .\obj\em_cmu.o
 .text.CMU_HFRCOBandSet
                0x00000000      0x114 .\obj\em_cmu.o
 .text.CMU_HFRCOStartupDelayGet
                0x00000000       0x18 .\obj\em_cmu.o
 .text.CMU_HFRCOStartupDelaySet
                0x00000000       0x48 .\obj\em_cmu.o
 .text.CMU_LCDClkFDIVGet
                0x00000000       0x14 .\obj\em_cmu.o
 .text.CMU_OscillatorTuningGet
                0x00000000       0x6c .\obj\em_cmu.o
 .text.CMU_OscillatorTuningSet
                0x00000000       0xe4 .\obj\em_cmu.o
 .text.CMU_PCNTClockExternalGet
                0x00000000       0x74 .\obj\em_cmu.o
 .text          0x00000000        0x0 .\obj\em_ebi.o
 .data          0x00000000        0x0 .\obj\em_ebi.o
 .bss           0x00000000        0x0 .\obj\em_ebi.o
 .text.EBI_TFTFrameBaseSet
                0x00000000       0x14 .\obj\em_ebi.o
 .text.BITBAND_Peripheral
                0x00000000       0x28 .\obj\em_ebi.o
 .text.EBI_Init
                0x00000000      0x3d0 .\obj\em_ebi.o
 .text.EBI_Disable
                0x00000000       0x20 .\obj\em_ebi.o
 .text.EBI_BankEnable
                0x00000000       0x90 .\obj\em_ebi.o
 .rodata        0x00000000       0x24 .\obj\em_ebi.o
 .text.EBI_BankAddress
                0x00000000      0x10c .\obj\em_ebi.o
 .text.EBI_ChipSelectEnable
                0x00000000       0x90 .\obj\em_ebi.o
 .text.EBI_PolaritySet
                0x00000000      0x16c .\obj\em_ebi.o
 .text.EBI_ReadTimingSet
                0x00000000       0x84 .\obj\em_ebi.o
 .text.EBI_WriteTimingSet
                0x00000000       0x84 .\obj\em_ebi.o
 .text.EBI_AddressTimingSet
                0x00000000       0x64 .\obj\em_ebi.o
 .text.EBI_TFTInit
                0x00000000      0x118 .\obj\em_ebi.o
 .text.EBI_TFTSizeSet
                0x00000000       0x64 .\obj\em_ebi.o
 .text.EBI_TFTHPorchSet
                0x00000000       0x74 .\obj\em_ebi.o
 .text.EBI_TFTVPorchSet
                0x00000000       0x74 .\obj\em_ebi.o
 .text.EBI_TFTTimingSet
                0x00000000       0x94 .\obj\em_ebi.o
 .text.EBI_BankReadTimingConfig
                0x00000000      0x160 .\obj\em_ebi.o
 .text.EBI_BankReadTimingSet
                0x00000000      0x128 .\obj\em_ebi.o
 .text.EBI_BankWriteTimingConfig
                0x00000000      0x108 .\obj\em_ebi.o
 .text.EBI_BankWriteTimingSet
                0x00000000      0x128 .\obj\em_ebi.o
 .text.EBI_BankAddressTimingConfig
                0x00000000       0xac .\obj\em_ebi.o
 .text.EBI_BankAddressTimingSet
                0x00000000      0x108 .\obj\em_ebi.o
 .text.EBI_BankPolaritySet
                0x00000000      0x1f0 .\obj\em_ebi.o
 .text.EBI_BankByteLaneEnable
                0x00000000       0xac .\obj\em_ebi.o
 .text.EBI_AltMapEnable
                0x00000000       0x24 .\obj\em_ebi.o
 .debug_info    0x00000000     0x10a4 .\obj\em_ebi.o
 .debug_abbrev  0x00000000      0x1d9 .\obj\em_ebi.o
 .debug_loc     0x00000000      0x408 .\obj\em_ebi.o
 .debug_aranges
                0x00000000       0xe0 .\obj\em_ebi.o
 .debug_ranges  0x00000000       0xd0 .\obj\em_ebi.o
 .debug_line    0x00000000      0x612 .\obj\em_ebi.o
 .debug_str     0x00000000      0xd4e .\obj\em_ebi.o
 .comment       0x00000000       0x4f .\obj\em_ebi.o
 .ARM.attributes
                0x00000000       0x33 .\obj\em_ebi.o
 .debug_frame   0x00000000      0x258 .\obj\em_ebi.o
 .text          0x00000000        0x0 .\obj\em_emu.o
 .data          0x00000000        0x0 .\obj\em_emu.o
 .bss           0x00000000        0x0 .\obj\em_emu.o
 .text.BITBAND_Peripheral
                0x00000000       0x28 .\obj\em_emu.o
 .text.EMU_BUPinEnable
                0x00000000       0x24 .\obj\em_emu.o
 .text.EMU_EnterEM3
                0x00000000       0x90 .\obj\em_emu.o
 .text.EMU_EnterEM4
                0x00000000       0x54 .\obj\em_emu.o
 .rodata        0x00000000       0x24 .\obj\em_emu.o
 .text.EMU_MemPwrDown
                0x00000000       0x2c .\obj\em_emu.o
 .text.EMU_EM4Init
                0x00000000       0x50 .\obj\em_emu.o
 .text.EMU_BUPDInit
                0x00000000      0x100 .\obj\em_emu.o
 .text.EMU_BUThresholdSet
                0x00000000       0x70 .\obj\em_emu.o
 .text.EMU_BUThresRangeSet
                0x00000000       0x78 .\obj\em_emu.o
 .text          0x00000000        0x0 .\obj\em_gpio.o
 .data          0x00000000        0x0 .\obj\em_gpio.o
 .bss           0x00000000        0x0 .\obj\em_gpio.o
 .text.GPIO_DbgLocationSet
                0x00000000       0x44 .\obj\em_gpio.o
 .text.GPIO_DriveModeSet
                0x00000000       0x78 .\obj\em_gpio.o
 .text          0x00000000        0x0 .\obj\em_lcd.o
 .data          0x00000000        0x0 .\obj\em_lcd.o
 .bss           0x00000000        0x0 .\obj\em_lcd.o
 .text.LCD_AnimEnable
                0x00000000       0x48 .\obj\em_lcd.o
 .text.LCD_FrameCountEnable
                0x00000000       0x48 .\obj\em_lcd.o
 .text.LCD_UpdateCtrl
                0x00000000       0x2c .\obj\em_lcd.o
 .text.LCD_FrameCountInit
                0x00000000       0x7c .\obj\em_lcd.o
 .text.LCD_AnimInit
                0x00000000       0xb0 .\obj\em_lcd.o
 .text.LCD_ContrastSet
                0x00000000       0x40 .\obj\em_lcd.o
 .text.LCD_BiasSegmentSet
                0x00000000      0x158 .\obj\em_lcd.o
 .text.LCD_BiasComSet
                0x00000000       0x5c .\obj\em_lcd.o
 .text          0x00000000        0x0 .\obj\em_pcnt.o
 .data          0x00000000        0x0 .\obj\em_pcnt.o
 .bss           0x00000000        0x0 .\obj\em_pcnt.o
 .text.PCNT_CounterReset
                0x00000000       0x64 .\obj\em_pcnt.o
 .text.PCNT_Enable
                0x00000000       0x70 .\obj\em_pcnt.o
 .text.PCNT_PRSInputEnable
                0x00000000       0xa0 .\obj\em_pcnt.o
 .text.PCNT_FreezeEnable
                0x00000000       0x70 .\obj\em_pcnt.o
 .text.PCNT_Reset
                0x00000000       0xa4 .\obj\em_pcnt.o
 .text.PCNT_TopBufferSet
                0x00000000       0x58 .\obj\em_pcnt.o
 .text.PCNT_TopSet
                0x00000000       0x68 .\obj\em_pcnt.o
 .text          0x00000000        0x0 .\obj\em_rtc.o
 .data          0x00000000        0x0 .\obj\em_rtc.o
 .bss           0x00000000        0x0 .\obj\em_rtc.o
 .text.BITBAND_Peripheral
                0x00000000       0x28 .\obj\em_rtc.o
 .text.RTC_CompareGet
                0x00000000       0x54 .\obj\em_rtc.o
 .text.RTC_Enable
                0x00000000       0x24 .\obj\em_rtc.o
 .text.RTC_FreezeEnable
                0x00000000       0x34 .\obj\em_rtc.o
 .text.RTC_Reset
                0x00000000       0x58 .\obj\em_rtc.o
 .text.RTC_CounterReset
                0x00000000       0x14 .\obj\em_rtc.o
 .text          0x00000000        0x0 .\obj\em_system.o
 .data          0x00000000        0x0 .\obj\em_system.o
 .bss           0x00000000        0x0 .\obj\em_system.o
 .text.SYSTEM_GetCalibrationValue
                0x00000000       0x64 .\obj\em_system.o
 .text          0x00000000        0x0 .\obj\main_screen_app.o
 .data          0x00000000        0x0 .\obj\main_screen_app.o
 .bss           0x00000000        0x0 .\obj\main_screen_app.o
 .text          0x00000000        0x0 .\obj\pomodoro_app.o
 .data          0x00000000        0x0 .\obj\pomodoro_app.o
 .bss           0x00000000        0x0 .\obj\pomodoro_app.o
 .text          0x00000000        0x0 .\obj\segmentlcd.o
 .data          0x00000000        0x0 .\obj\segmentlcd.o
 .bss           0x00000000        0x0 .\obj\segmentlcd.o
 .text.LCD_Enable
                0x00000000       0x48 .\obj\segmentlcd.o
 .text.SegmentLCD_AllOn
                0x00000000      0x124 .\obj\segmentlcd.o
 .text.SegmentLCD_ARing
                0x00000000       0x5c .\obj\segmentlcd.o
 .text.SegmentLCD_Battery
                0x00000000       0x88 .\obj\segmentlcd.o
 .text.SegmentLCD_Disable
                0x00000000       0x34 .\obj\segmentlcd.o
 .text.SegmentLCD_EnergyMode
                0x00000000       0x5c .\obj\segmentlcd.o
 .text.SegmentLCD_LowerHex
                0x00000000       0x98 .\obj\segmentlcd.o
 .rodata        0x00000000        0x8 .\obj\segmentlcd.o
 .text.SegmentLCD_LowerNumber
                0x00000000       0xe4 .\obj\segmentlcd.o
 .text.SegmentLCD_Symbol
                0x00000000      0x180 .\obj\segmentlcd.o
 .text.SegmentLCD_UnsignedHex
                0x00000000       0xf8 .\obj\segmentlcd.o
 .text          0x00000000        0x0 .\obj\setup_alarm_app.o
 .data          0x00000000        0x0 .\obj\setup_alarm_app.o
 .bss           0x00000000        0x0 .\obj\setup_alarm_app.o
 .text          0x00000000        0x0 .\obj\setup_time_app.o
 .data          0x00000000        0x0 .\obj\setup_time_app.o
 .bss           0x00000000        0x0 .\obj\setup_time_app.o
 .data          0x00000000        0x0 .\obj\startup_efm32gg.o
 .bss           0x00000000        0x0 .\obj\startup_efm32gg.o
 .text          0x00000000        0x0 .\obj\state_machine.o
 .data          0x00000000        0x0 .\obj\state_machine.o
 .bss           0x00000000        0x0 .\obj\state_machine.o
 .text          0x00000000        0x0 .\obj\system_efm32gg.o
 .data          0x00000000        0x0 .\obj\system_efm32gg.o
 .bss           0x00000000        0x0 .\obj\system_efm32gg.o
 .text.SystemHFXOClockSet
                0x00000000       0x2c .\obj\system_efm32gg.o
 .text.SystemLFRCOClockGet
                0x00000000        0x8 .\obj\system_efm32gg.o
 .text.SystemULFRCOClockGet
                0x00000000        0x8 .\obj\system_efm32gg.o
 .text.SystemLFXOClockGet
                0x00000000       0x10 .\obj\system_efm32gg.o
 .text.SystemLFXOClockSet
                0x00000000       0x2c .\obj\system_efm32gg.o
 .text          0x00000000        0x0 .\obj\time_management.o
 .data          0x00000000        0x0 .\obj\time_management.o
 .bss           0x00000000        0x0 .\obj\time_management.o
 .text.decrementPoint
                0x00000000       0xb4 .\obj\time_management.o
 .text          0x00000000        0x0 .\obj\variables.o
 .data          0x00000000        0x0 .\obj\variables.o
 .bss           0x00000000        0x0 .\obj\variables.o
 .text          0x00000000        0x0 c:/program files (x86)/emblocks/1.10/share/em_armgcc/bin/../lib/gcc/arm-none-eabi/4.7.3/../../../../arm-none-eabi/lib/armv7-m\libc.a(lib_a-__atexit.o)
 .data          0x00000000        0x0 c:/program files (x86)/emblocks/1.10/share/em_armgcc/bin/../lib/gcc/arm-none-eabi/4.7.3/../../../../arm-none-eabi/lib/armv7-m\libc.a(lib_a-__atexit.o)
 .bss           0x00000000        0x0 c:/program files (x86)/emblocks/1.10/share/em_armgcc/bin/../lib/gcc/arm-none-eabi/4.7.3/../../../../arm-none-eabi/lib/armv7-m\libc.a(lib_a-__atexit.o)
 .text          0x00000000        0x0 c:/program files (x86)/emblocks/1.10/share/em_armgcc/bin/../lib/gcc/arm-none-eabi/4.7.3/../../../../arm-none-eabi/lib/armv7-m\libc.a(lib_a-exit.o)
 .data          0x00000000        0x0 c:/program files (x86)/emblocks/1.10/share/em_armgcc/bin/../lib/gcc/arm-none-eabi/4.7.3/../../../../arm-none-eabi/lib/armv7-m\libc.a(lib_a-exit.o)
 .bss           0x00000000        0x0 c:/program files (x86)/emblocks/1.10/share/em_armgcc/bin/../lib/gcc/arm-none-eabi/4.7.3/../../../../arm-none-eabi/lib/armv7-m\libc.a(lib_a-exit.o)
 .text          0x00000000        0x0 c:/program files (x86)/emblocks/1.10/share/em_armgcc/bin/../lib/gcc/arm-none-eabi/4.7.3/../../../../arm-none-eabi/lib/armv7-m\libc.a(lib_a-fini.o)
 .data          0x00000000        0x0 c:/program files (x86)/emblocks/1.10/share/em_armgcc/bin/../lib/gcc/arm-none-eabi/4.7.3/../../../../arm-none-eabi/lib/armv7-m\libc.a(lib_a-fini.o)
 .bss           0x00000000        0x0 c:/program files (x86)/emblocks/1.10/share/em_armgcc/bin/../lib/gcc/arm-none-eabi/4.7.3/../../../../arm-none-eabi/lib/armv7-m\libc.a(lib_a-fini.o)
 .text          0x00000000        0x0 c:/program files (x86)/emblocks/1.10/share/em_armgcc/bin/../lib/gcc/arm-none-eabi/4.7.3/../../../../arm-none-eabi/lib/armv7-m\libc.a(lib_a-impure.o)
 .data          0x00000000        0x0 c:/program files (x86)/emblocks/1.10/share/em_armgcc/bin/../lib/gcc/arm-none-eabi/4.7.3/../../../../arm-none-eabi/lib/armv7-m\libc.a(lib_a-impure.o)
 .bss           0x00000000        0x0 c:/program files (x86)/emblocks/1.10/share/em_armgcc/bin/../lib/gcc/arm-none-eabi/4.7.3/../../../../arm-none-eabi/lib/armv7-m\libc.a(lib_a-impure.o)
 .data._impure_ptr
                0x00000000        0x4 c:/program files (x86)/emblocks/1.10/share/em_armgcc/bin/../lib/gcc/arm-none-eabi/4.7.3/../../../../arm-none-eabi/lib/armv7-m\libc.a(lib_a-impure.o)
 .text          0x00000000        0x0 c:/program files (x86)/emblocks/1.10/share/em_armgcc/bin/../lib/gcc/arm-none-eabi/4.7.3/../../../../arm-none-eabi/lib/armv7-m\libc.a(lib_a-init.o)
 .data          0x00000000        0x0 c:/program files (x86)/emblocks/1.10/share/em_armgcc/bin/../lib/gcc/arm-none-eabi/4.7.3/../../../../arm-none-eabi/lib/armv7-m\libc.a(lib_a-init.o)
 .bss           0x00000000        0x0 c:/program files (x86)/emblocks/1.10/share/em_armgcc/bin/../lib/gcc/arm-none-eabi/4.7.3/../../../../arm-none-eabi/lib/armv7-m\libc.a(lib_a-init.o)
 .text          0x00000000        0x0 c:/program files (x86)/emblocks/1.10/share/em_armgcc/bin/../lib/gcc/arm-none-eabi/4.7.3/../../../../arm-none-eabi/lib/armv7-m\libc.a(lib_a-memcpy-stub.o)
 .data          0x00000000        0x0 c:/program files (x86)/emblocks/1.10/share/em_armgcc/bin/../lib/gcc/arm-none-eabi/4.7.3/../../../../arm-none-eabi/lib/armv7-m\libc.a(lib_a-memcpy-stub.o)
 .bss           0x00000000        0x0 c:/program files (x86)/emblocks/1.10/share/em_armgcc/bin/../lib/gcc/arm-none-eabi/4.7.3/../../../../arm-none-eabi/lib/armv7-m\libc.a(lib_a-memcpy-stub.o)
 .text.memcpy   0x00000000       0x94 c:/program files (x86)/emblocks/1.10/share/em_armgcc/bin/../lib/gcc/arm-none-eabi/4.7.3/../../../../arm-none-eabi/lib/armv7-m\libc.a(lib_a-memcpy-stub.o)
 .ARM.attributes
                0x00000000       0x2d c:/program files (x86)/emblocks/1.10/share/em_armgcc/bin/../lib/gcc/arm-none-eabi/4.7.3/../../../../arm-none-eabi/lib/armv7-m\libc.a(lib_a-memcpy-stub.o)
 .debug_frame   0x00000000       0x2c c:/program files (x86)/emblocks/1.10/share/em_armgcc/bin/../lib/gcc/arm-none-eabi/4.7.3/../../../../arm-none-eabi/lib/armv7-m\libc.a(lib_a-memcpy-stub.o)
 .text          0x00000000        0x0 c:/program files (x86)/emblocks/1.10/share/em_armgcc/bin/../lib/gcc/arm-none-eabi/4.7.3/../../../../arm-none-eabi/lib/armv7-m\libc.a(lib_a-memset.o)
 .data          0x00000000        0x0 c:/program files (x86)/emblocks/1.10/share/em_armgcc/bin/../lib/gcc/arm-none-eabi/4.7.3/../../../../arm-none-eabi/lib/armv7-m\libc.a(lib_a-memset.o)
 .bss           0x00000000        0x0 c:/program files (x86)/emblocks/1.10/share/em_armgcc/bin/../lib/gcc/arm-none-eabi/4.7.3/../../../../arm-none-eabi/lib/armv7-m\libc.a(lib_a-memset.o)
 .text          0x00000000        0x0 c:/program files (x86)/emblocks/1.10/share/em_armgcc/bin/../lib/gcc/arm-none-eabi/4.7.3/../../../../arm-none-eabi/lib/armv7-m\libc.a(lib_a-strlen.o)
 .data          0x00000000        0x0 c:/program files (x86)/emblocks/1.10/share/em_armgcc/bin/../lib/gcc/arm-none-eabi/4.7.3/../../../../arm-none-eabi/lib/armv7-m\libc.a(lib_a-strlen.o)
 .bss           0x00000000        0x0 c:/program files (x86)/emblocks/1.10/share/em_armgcc/bin/../lib/gcc/arm-none-eabi/4.7.3/../../../../arm-none-eabi/lib/armv7-m\libc.a(lib_a-strlen.o)
 .text          0x00000000        0x0 c:/program files (x86)/emblocks/1.10/share/em_armgcc/bin/../lib/gcc/arm-none-eabi/4.7.3/../../../../arm-none-eabi/lib/armv7-m\libc.a(lib_a-__call_atexit.o)
 .data          0x00000000        0x0 c:/program files (x86)/emblocks/1.10/share/em_armgcc/bin/../lib/gcc/arm-none-eabi/4.7.3/../../../../arm-none-eabi/lib/armv7-m\libc.a(lib_a-__call_atexit.o)
 .bss           0x00000000        0x0 c:/program files (x86)/emblocks/1.10/share/em_armgcc/bin/../lib/gcc/arm-none-eabi/4.7.3/../../../../arm-none-eabi/lib/armv7-m\libc.a(lib_a-__call_atexit.o)
 .text          0x00000000        0x0 c:/program files (x86)/emblocks/1.10/share/em_armgcc/bin/../lib/gcc/arm-none-eabi/4.7.3/../../../../arm-none-eabi/lib/armv7-m\libc.a(lib_a-atexit.o)
 .data          0x00000000        0x0 c:/program files (x86)/emblocks/1.10/share/em_armgcc/bin/../lib/gcc/arm-none-eabi/4.7.3/../../../../arm-none-eabi/lib/armv7-m\libc.a(lib_a-atexit.o)
 .bss           0x00000000        0x0 c:/program files (x86)/emblocks/1.10/share/em_armgcc/bin/../lib/gcc/arm-none-eabi/4.7.3/../../../../arm-none-eabi/lib/armv7-m\libc.a(lib_a-atexit.o)
 .text          0x00000000        0x0 c:/program files (x86)/emblocks/1.10/share/em_armgcc/bin/../lib/gcc/arm-none-eabi/4.7.3/../../../../arm-none-eabi/lib/armv7-m\libnosys.a(_exit.o)
 .data          0x00000000        0x0 c:/program files (x86)/emblocks/1.10/share/em_armgcc/bin/../lib/gcc/arm-none-eabi/4.7.3/../../../../arm-none-eabi/lib/armv7-m\libnosys.a(_exit.o)
 .bss           0x00000000        0x0 c:/program files (x86)/emblocks/1.10/share/em_armgcc/bin/../lib/gcc/arm-none-eabi/4.7.3/../../../../arm-none-eabi/lib/armv7-m\libnosys.a(_exit.o)
 .text          0x00000000        0x0 c:/program files (x86)/emblocks/1.10/share/em_armgcc/bin/../lib/gcc/arm-none-eabi/4.7.3/armv7-m/crtend.o
 .data          0x00000000        0x0 c:/program files (x86)/emblocks/1.10/share/em_armgcc/bin/../lib/gcc/arm-none-eabi/4.7.3/armv7-m/crtend.o
 .bss           0x00000000        0x0 c:/program files (x86)/emblocks/1.10/share/em_armgcc/bin/../lib/gcc/arm-none-eabi/4.7.3/armv7-m/crtend.o
 .jcr           0x00000000        0x4 c:/program files (x86)/emblocks/1.10/share/em_armgcc/bin/../lib/gcc/arm-none-eabi/4.7.3/armv7-m/crtend.o
 .text          0x00000000        0x0 c:/program files (x86)/emblocks/1.10/share/em_armgcc/bin/../lib/gcc/arm-none-eabi/4.7.3/armv7-m/crtn.o
 .data          0x00000000        0x0 c:/program files (x86)/emblocks/1.10/share/em_armgcc/bin/../lib/gcc/arm-none-eabi/4.7.3/armv7-m/crtn.o
 .bss           0x00000000        0x0 c:/program files (x86)/emblocks/1.10/share/em_armgcc/bin/../lib/gcc/arm-none-eabi/4.7.3/armv7-m/crtn.o

Memory Configuration

Name             Origin             Length             Attributes
FLASH            0x00000000         0x00100000         xr
RAM              0x20000000         0x00020000         xrw
*default*        0x00000000         0xffffffff

Linker script and memory map

LOAD c:/program files (x86)/emblocks/1.10/share/em_armgcc/bin/../lib/gcc/arm-none-eabi/4.7.3/armv7-m/crti.o
LOAD c:/program files (x86)/emblocks/1.10/share/em_armgcc/bin/../lib/gcc/arm-none-eabi/4.7.3/armv7-m/crtbegin.o
LOAD c:/program files (x86)/emblocks/1.10/share/em_armgcc/bin/../lib/gcc/arm-none-eabi/4.7.3/../../../../arm-none-eabi/lib/armv7-m/crt0.o

.text           0x00000000     0x4674
 *(.isr_vector)
 .isr_vector    0x00000000      0x100 .\obj\startup_efm32gg.o
                0x00000000                __isr_vector
 *(.text*)
 .text          0x00000100       0x54 c:/program files (x86)/emblocks/1.10/share/em_armgcc/bin/../lib/gcc/arm-none-eabi/4.7.3/armv7-m/crtbegin.o
 .text          0x00000154       0x70 c:/program files (x86)/emblocks/1.10/share/em_armgcc/bin/../lib/gcc/arm-none-eabi/4.7.3/../../../../arm-none-eabi/lib/armv7-m/crt0.o
                0x00000154                _start
                0x00000154                start
                0x00000154                _mainCRTStartup
 .text.NVIC_EnableIRQ
                0x000001c4       0x30 .\obj\activity_app.o
 .text.PCNT_IntClear
                0x000001f4       0x10 .\obj\activity_app.o
 .text.PCNT_IntEnable
                0x00000204       0x18 .\obj\activity_app.o
 .text.initCounter
                0x0000021c       0xd0 .\obj\activity_app.o
                0x0000021c                initCounter
 .text.initActivity
                0x000002ec       0x3c .\obj\activity_app.o
                0x000002ec                initActivity
 .text.clearActivity
                0x00000328       0x20 .\obj\activity_app.o
                0x00000328                clearActivity
 .text.drawActivityScreen
                0x00000348       0x30 .\obj\activity_app.o
                0x00000348                drawActivityScreen
 .text.activityApp
                0x00000378       0x68 .\obj\activity_app.o
                0x00000378                activityApp
 .text.PCNT1_IRQHandler
                0x000003e0       0x38 .\obj\activity_app.o
                0x000003e0                PCNT1_IRQHandler
 .text.CHIP_Init
                0x00000418       0x4c .\obj\blink.o
 .text.SysTick_Handler
                0x00000464       0x1c .\obj\blink.o
                0x00000464                SysTick_Handler
 .text.setupSWO
                0x00000480      0x12c .\obj\blink.o
                0x00000480                setupSWO
 .text.main     0x000005ac       0xac .\obj\blink.o
                0x000005ac                main
 .text.BSP_LedsInit
                0x00000658       0x74 .\obj\bsp_stk_leds.o
                0x00000658                BSP_LedsInit
 .text.BSP_TraceSwoSetup
                0x000006cc      0x114 .\obj\bsp_trace.o
                0x000006cc                BSP_TraceSwoSetup
 .text.BSP_TraceProfilerSetup
                0x000007e0       0x28 .\obj\bsp_trace.o
                0x000007e0                BSP_TraceProfilerSetup
 .text.NVIC_EnableIRQ
                0x00000808       0x30 .\obj\buttons.o
 .text.NVIC_ClearPendingIRQ
                0x00000838       0x34 .\obj\buttons.o
 .text.GPIO_IntClear
                0x0000086c       0x18 .\obj\buttons.o
 .text.initButtons
                0x00000884       0x94 .\obj\buttons.o
                0x00000884                initButtons
 .text.GPIO_EVEN_IRQHandler
                0x00000918       0x28 .\obj\buttons.o
                0x00000918                GPIO_EVEN_IRQHandler
 .text.GPIO_ODD_IRQHandler
                0x00000940       0x28 .\obj\buttons.o
                0x00000940                GPIO_ODD_IRQHandler
 .text.assertEFM
                0x00000968        0x8 .\obj\em_assert.o
                0x00000968                assertEFM
 .text.BITBAND_Peripheral
                0x00000970       0x28 .\obj\em_cmu.o
 .text.CMU_FlashWaitStateMax
                0x00000998       0x5c .\obj\em_cmu.o
 .text.CMU_DivToLog2
                0x000009f4       0x44 .\obj\em_cmu.o
 .text.CMU_Log2ToDiv
                0x00000a38       0x14 .\obj\em_cmu.o
 .text.CMU_FlashWaitStateControl
                0x00000a4c       0xec .\obj\em_cmu.o
 .text.CMU_Sync
                0x00000b38       0x34 .\obj\em_cmu.o
 .text.CMU_ClockDivGet
                0x00000b6c      0x1f0 .\obj\em_cmu.o
                0x00000b6c                CMU_ClockDivGet
 .text.CMU_ClockDivSet
                0x00000d5c      0x3f4 .\obj\em_cmu.o
                0x00000d5c                CMU_ClockDivSet
 .text.CMU_ClockEnable
                0x00001150      0x130 .\obj\em_cmu.o
                0x00001150                CMU_ClockEnable
 .text.CMU_ClockSelectGet
                0x00001280      0x1d8 .\obj\em_cmu.o
                0x00001280                CMU_ClockSelectGet
 .text.CMU_ClockSelectSet
                0x00001458      0x3f8 .\obj\em_cmu.o
                0x00001458                CMU_ClockSelectSet
 .text.CMU_LCDClkFDIVSet
                0x00001850       0x5c .\obj\em_cmu.o
                0x00001850                CMU_LCDClkFDIVSet
 .text.CMU_OscillatorEnable
                0x000018ac       0xfc .\obj\em_cmu.o
                0x000018ac                CMU_OscillatorEnable
 .text.CMU_PCNTClockExternalSet
                0x000019a8       0x54 .\obj\em_cmu.o
                0x000019a8                CMU_PCNTClockExternalSet
 .text.SystemCoreClockUpdate
                0x000019fc        0x8 .\obj\em_emu.o
 .text.CMU_Lock
                0x00001a04       0x14 .\obj\em_emu.o
 .text.CMU_Unlock
                0x00001a18       0x14 .\obj\em_emu.o
 .text.EMU_Restore
                0x00001a2c       0xf0 .\obj\em_emu.o
 .text.EMU_EnterEM2
                0x00001b1c       0x64 .\obj\em_emu.o
                0x00001b1c                EMU_EnterEM2
 .text.EMU_UpdateOscConfig
                0x00001b80       0x18 .\obj\em_emu.o
                0x00001b80                EMU_UpdateOscConfig
 .text.BITBAND_Peripheral
                0x00001b98       0x28 .\obj\em_gpio.o
 .text.GPIO_IntConfig
                0x00001bc0      0x110 .\obj\em_gpio.o
                0x00001bc0                GPIO_IntConfig
 .text.GPIO_PinModeSet
                0x00001cd0      0x1e0 .\obj\em_gpio.o
                0x00001cd0                GPIO_PinModeSet
 .text.LCD_Enable
                0x00001eb0       0x48 .\obj\em_lcd.o
 .text.BITBAND_Peripheral
                0x00001ef8       0x28 .\obj\em_lcd.o
 .text.LCD_Init
                0x00001f20       0x90 .\obj\em_lcd.o
                0x00001f20                LCD_Init
 .text.LCD_VLCDSelect
                0x00001fb0       0x44 .\obj\em_lcd.o
                0x00001fb0                LCD_VLCDSelect
 .text.LCD_SegmentRangeEnable
                0x00001ff4       0x54 .\obj\em_lcd.o
                0x00001ff4                LCD_SegmentRangeEnable
 .text.LCD_SegmentSet
                0x00002048      0x270 .\obj\em_lcd.o
                0x00002048                LCD_SegmentSet
 .text.LCD_SegmentSetLow
                0x000022b8      0x208 .\obj\em_lcd.o
                0x000022b8                LCD_SegmentSetLow
 .text.LCD_SegmentSetHigh
                0x000024c0      0x1f8 .\obj\em_lcd.o
                0x000024c0                LCD_SegmentSetHigh
 .text.LCD_VBoostSet
                0x000026b8       0x24 .\obj\em_lcd.o
                0x000026b8                LCD_VBoostSet
 .text.BITBAND_Peripheral
                0x000026dc       0x28 .\obj\em_pcnt.o
 .text.PCNT_Map
                0x00002704       0x18 .\obj\em_pcnt.o
 .text.PCNT_Sync
                0x0000271c       0x28 .\obj\em_pcnt.o
 .text.PCNT_CounterTopSet
                0x00002744       0xe4 .\obj\em_pcnt.o
                0x00002744                PCNT_CounterTopSet
 .text.PCNT_Init
                0x00002828      0x1bc .\obj\em_pcnt.o
                0x00002828                PCNT_Init
 .text.RTC_CompareSet
                0x000029e4       0x58 .\obj\em_rtc.o
                0x000029e4                RTC_CompareSet
 .text.RTC_Init
                0x00002a3c       0x4c .\obj\em_rtc.o
                0x00002a3c                RTC_Init
 .text.SYSTEM_ChipRevisionGet
                0x00002a88       0x70 .\obj\em_system.o
                0x00002a88                SYSTEM_ChipRevisionGet
 .text.mainScreenApp
                0x00002af8       0x70 .\obj\main_screen_app.o
                0x00002af8                mainScreenApp
 .text.pomodoroApp
                0x00002b68      0x210 .\obj\pomodoro_app.o
                0x00002b68                pomodoroApp
 .text.drawPomodoroScreen
                0x00002d78       0xb8 .\obj\pomodoro_app.o
                0x00002d78                drawPomodoroScreen
 .text.updatePomodoroTime
                0x00002e30       0xc4 .\obj\pomodoro_app.o
                0x00002e30                updatePomodoroTime
 .text.stopPomodoro
                0x00002ef4       0x20 .\obj\pomodoro_app.o
                0x00002ef4                stopPomodoro
 .text.checkPomodoro
                0x00002f14       0x74 .\obj\pomodoro_app.o
                0x00002f14                checkPomodoro
 .text.LCD_FreezeEnable
                0x00002f88       0x34 .\obj\segmentlcd.o
 .text.LCD_SyncBusyDelay
                0x00002fbc       0x1c .\obj\segmentlcd.o
 .text.LCD_IntDisable
                0x00002fd8       0x24 .\obj\segmentlcd.o
 .text.SegmentLCD_AllOff
                0x00002ffc      0x124 .\obj\segmentlcd.o
                0x00002ffc                SegmentLCD_AllOff
 .text.SegmentLCD_AlphaNumberOff
                0x00003120      0x114 .\obj\segmentlcd.o
                0x00003120                SegmentLCD_AlphaNumberOff
 .text.SegmentLCD_Init
                0x00003234       0xe4 .\obj\segmentlcd.o
                0x00003234                SegmentLCD_Init
 .text.SegmentLCD_Number
                0x00003318      0x174 .\obj\segmentlcd.o
                0x00003318                SegmentLCD_Number
 .text.SegmentLCD_NumberOff
                0x0000348c       0x78 .\obj\segmentlcd.o
                0x0000348c                SegmentLCD_NumberOff
 .text.SegmentLCD_Write
                0x00003504      0x100 .\obj\segmentlcd.o
                0x00003504                SegmentLCD_Write
 .text.setupAlarmApp
                0x00003604       0xe4 .\obj\setup_alarm_app.o
                0x00003604                setupAlarmApp
 .text.nextAlarmSetupState
                0x000036e8       0x38 .\obj\setup_alarm_app.o
                0x000036e8                nextAlarmSetupState
 .text.drawSetupAlarmScreen
                0x00003720       0x38 .\obj\setup_alarm_app.o
                0x00003720                drawSetupAlarmScreen
 .text.setupTimeApp
                0x00003758       0xac .\obj\setup_time_app.o
                0x00003758                setupTimeApp
 .text.nextTimeSetupState
                0x00003804       0x38 .\obj\setup_time_app.o
                0x00003804                nextTimeSetupState
 .text          0x0000383c       0x98 .\obj\startup_efm32gg.o
                0x0000383c                Reset_Handler
                0x00003870                Default_Handler
                0x00003872                NMI_Handler
                0x00003874                HardFault_Handler
                0x00003876                MemManage_Handler
                0x00003878                BusFault_Handler
                0x0000387a                UsageFault_Handler
                0x0000387c                SVC_Handler
                0x0000387e                DebugMon_Handler
                0x00003880                PendSV_Handler
                0x00003884                DMA_IRQHandler
                0x00003888                TIMER0_IRQHandler
                0x0000388a                USART0_RX_IRQHandler
                0x0000388c                USART0_TX_IRQHandler
                0x0000388e                USB_IRQHandler
                0x00003890                ACMP0_IRQHandler
                0x00003892                ADC0_IRQHandler
                0x00003894                DAC0_IRQHandler
                0x00003896                I2C0_IRQHandler
                0x00003898                I2C1_IRQHandler
                0x0000389c                TIMER1_IRQHandler
                0x0000389e                TIMER2_IRQHandler
                0x000038a0                TIMER3_IRQHandler
                0x000038a2                USART1_RX_IRQHandler
                0x000038a4                USART1_TX_IRQHandler
                0x000038a6                LESENSE_IRQHandler
                0x000038a8                USART2_RX_IRQHandler
                0x000038aa                USART2_TX_IRQHandler
                0x000038ac                UART0_RX_IRQHandler
                0x000038ae                UART0_TX_IRQHandler
                0x000038b0                UART1_RX_IRQHandler
                0x000038b2                UART1_TX_IRQHandler
                0x000038b4                LEUART0_IRQHandler
                0x000038b6                LEUART1_IRQHandler
                0x000038b8                LETIMER0_IRQHandler
                0x000038ba                PCNT0_IRQHandler
                0x000038be                PCNT2_IRQHandler
                0x000038c2                BURTC_IRQHandler
                0x000038c4                CMU_IRQHandler
                0x000038c6                VCMP_IRQHandler
                0x000038c8                LCD_IRQHandler
                0x000038ca                MSC_IRQHandler
                0x000038cc                AES_IRQHandler
                0x000038ce                EBI_IRQHandler
                0x000038d0                EMU_IRQHandler
 .text.nextState
                0x000038d4       0x4c .\obj\state_machine.o
                0x000038d4                nextState
 .text.previousState
                0x00003920       0x40 .\obj\state_machine.o
                0x00003920                previousState
 .text.GetProdRev
                0x00003960       0x14 .\obj\system_efm32gg.o
 .text.SystemCoreClockGet
                0x00003974       0x54 .\obj\system_efm32gg.o
                0x00003974                SystemCoreClockGet
 .text.SystemHFClockGet
                0x000039c8      0x10c .\obj\system_efm32gg.o
                0x000039c8                SystemHFClockGet
 .text.SystemHFXOClockGet
                0x00003ad4       0x10 .\obj\system_efm32gg.o
                0x00003ad4                SystemHFXOClockGet
 .text.SystemInit
                0x00003ae4        0x4 .\obj\system_efm32gg.o
                0x00003ae4                SystemInit
 .text.NVIC_EnableIRQ
                0x00003ae8       0x30 .\obj\time_management.o
 .text.RTC_IntClear
                0x00003b18       0x14 .\obj\time_management.o
 .text.RTC_IntEnable
                0x00003b2c       0x20 .\obj\time_management.o
 .text.initClock
                0x00003b4c       0x90 .\obj\time_management.o
                0x00003b4c                initClock
 .text.RTC_IRQHandler
                0x00003bdc       0x34 .\obj\time_management.o
                0x00003bdc                RTC_IRQHandler
 .text.updateTime
                0x00003c10       0x14 .\obj\time_management.o
                0x00003c10                updateTime
 .text.checkAlarms
                0x00003c24      0x10c .\obj\time_management.o
                0x00003c24                checkAlarms
 .text.runAlarm
                0x00003d30       0x80 .\obj\time_management.o
                0x00003d30                runAlarm
 .text.incrementPoint
                0x00003db0       0xf8 .\obj\time_management.o
                0x00003db0                incrementPoint
 .text.initVariables
                0x00003ea8      0x11c .\obj\variables.o
                0x00003ea8                initVariables
 .text.__register_exitproc
                0x00003fc4       0xb0 c:/program files (x86)/emblocks/1.10/share/em_armgcc/bin/../lib/gcc/arm-none-eabi/4.7.3/../../../../arm-none-eabi/lib/armv7-m\libc.a(lib_a-__atexit.o)
                0x00003fc4                __register_exitproc
 .text.exit     0x00004074       0x20 c:/program files (x86)/emblocks/1.10/share/em_armgcc/bin/../lib/gcc/arm-none-eabi/4.7.3/../../../../arm-none-eabi/lib/armv7-m\libc.a(lib_a-exit.o)
                0x00004074                exit
 .text.__libc_fini_array
                0x00004094       0x2c c:/program files (x86)/emblocks/1.10/share/em_armgcc/bin/../lib/gcc/arm-none-eabi/4.7.3/../../../../arm-none-eabi/lib/armv7-m\libc.a(lib_a-fini.o)
                0x00004094                __libc_fini_array
 .text.__libc_init_array
                0x000040c0       0x50 c:/program files (x86)/emblocks/1.10/share/em_armgcc/bin/../lib/gcc/arm-none-eabi/4.7.3/../../../../arm-none-eabi/lib/armv7-m\libc.a(lib_a-init.o)
                0x000040c0                __libc_init_array
 .text.memset   0x00004110       0x94 c:/program files (x86)/emblocks/1.10/share/em_armgcc/bin/../lib/gcc/arm-none-eabi/4.7.3/../../../../arm-none-eabi/lib/armv7-m\libc.a(lib_a-memset.o)
                0x00004110                memset
 .text.strlen   0x000041a4       0x60 c:/program files (x86)/emblocks/1.10/share/em_armgcc/bin/../lib/gcc/arm-none-eabi/4.7.3/../../../../arm-none-eabi/lib/armv7-m\libc.a(lib_a-strlen.o)
                0x000041a4                strlen
 .text.startup.register_fini
                0x00004204       0x14 c:/program files (x86)/emblocks/1.10/share/em_armgcc/bin/../lib/gcc/arm-none-eabi/4.7.3/../../../../arm-none-eabi/lib/armv7-m\libc.a(lib_a-__call_atexit.o)
 .text.__call_exitprocs
                0x00004218       0xd8 c:/program files (x86)/emblocks/1.10/share/em_armgcc/bin/../lib/gcc/arm-none-eabi/4.7.3/../../../../arm-none-eabi/lib/armv7-m\libc.a(lib_a-__call_atexit.o)
                0x00004218                __call_exitprocs
 .text.atexit   0x000042f0        0xc c:/program files (x86)/emblocks/1.10/share/em_armgcc/bin/../lib/gcc/arm-none-eabi/4.7.3/../../../../arm-none-eabi/lib/armv7-m\libc.a(lib_a-atexit.o)
                0x000042f0                atexit
 .text._exit    0x000042fc        0x4 c:/program files (x86)/emblocks/1.10/share/em_armgcc/bin/../lib/gcc/arm-none-eabi/4.7.3/../../../../arm-none-eabi/lib/armv7-m\libnosys.a(_exit.o)
                0x000042fc                _exit
 *(.init)
 .init          0x00004300        0x4 c:/program files (x86)/emblocks/1.10/share/em_armgcc/bin/../lib/gcc/arm-none-eabi/4.7.3/armv7-m/crti.o
                0x00004300                _init
 .init          0x00004304        0x8 c:/program files (x86)/emblocks/1.10/share/em_armgcc/bin/../lib/gcc/arm-none-eabi/4.7.3/armv7-m/crtn.o
 *(.fini)
 .fini          0x0000430c        0x4 c:/program files (x86)/emblocks/1.10/share/em_armgcc/bin/../lib/gcc/arm-none-eabi/4.7.3/armv7-m/crti.o
                0x0000430c                _fini
 .fini          0x00004310        0x8 c:/program files (x86)/emblocks/1.10/share/em_armgcc/bin/../lib/gcc/arm-none-eabi/4.7.3/armv7-m/crtn.o
 *crtbegin.o(.ctors)
 *crtbegin?.o(.ctors)
 *(EXCLUDE_FILE(*crtend.o *crtend?.o) .ctors)
 *(SORT(.ctors.*))
 *(.ctors)
 *crtbegin.o(.dtors)
 *crtbegin?.o(.dtors)
 *(EXCLUDE_FILE(*crtend.o *crtend?.o) .dtors)
 *(SORT(.dtors.*))
 *(.dtors)
 *(.rodata*)
 .rodata        0x00004318        0x8 .\obj\activity_app.o
 .rodata.ledArray
                0x00004320       0x10 .\obj\bsp_stk_leds.o
 .rodata        0x00004330       0x24 .\obj\em_cmu.o
 .rodata        0x00004354       0x24 .\obj\em_gpio.o
 .rodata        0x00004378       0x24 .\obj\em_lcd.o
 .rodata        0x0000439c       0x24 .\obj\em_pcnt.o
 .rodata        0x000043c0       0x24 .\obj\em_rtc.o
 .rodata        0x000043e4       0x28 .\obj\em_system.o
 .rodata        0x0000440c        0x8 .\obj\main_screen_app.o
 .rodata        0x00004414       0x14 .\obj\pomodoro_app.o
 .rodata.EFM_Display
                0x00004428      0x120 .\obj\segmentlcd.o
 .rodata.EFM_Alphabet
                0x00004548       0xb8 .\obj\segmentlcd.o
 .rodata.EFM_Numbers
                0x00004600       0x24 .\obj\segmentlcd.o
 .rodata.signIndex
                0x00004624        0x2 .\obj\segmentlcd.o
 *fill*         0x00004626        0x2 
 .rodata.lcdInit
                0x00004628       0x14 .\obj\segmentlcd.o
 .rodata        0x0000463c       0x10 .\obj\setup_alarm_app.o
 .rodata        0x0000464c        0x8 .\obj\setup_time_app.o
 .rodata        0x00004654       0x14 .\obj\time_management.o
 .rodata.str1.4
                0x00004668        0x4 c:/program files (x86)/emblocks/1.10/share/em_armgcc/bin/../lib/gcc/arm-none-eabi/4.7.3/../../../../arm-none-eabi/lib/armv7-m\libc.a(lib_a-impure.o)
 .rodata._global_impure_ptr
                0x0000466c        0x4 c:/program files (x86)/emblocks/1.10/share/em_armgcc/bin/../lib/gcc/arm-none-eabi/4.7.3/../../../../arm-none-eabi/lib/armv7-m\libc.a(lib_a-impure.o)
                0x0000466c                _global_impure_ptr
 *(.eh_frame*)
 .eh_frame      0x00004670        0x0 c:/program files (x86)/emblocks/1.10/share/em_armgcc/bin/../lib/gcc/arm-none-eabi/4.7.3/armv7-m/crtbegin.o
 .eh_frame      0x00004670        0x4 c:/program files (x86)/emblocks/1.10/share/em_armgcc/bin/../lib/gcc/arm-none-eabi/4.7.3/armv7-m/crtend.o

.glue_7         0x00004674        0x0
 .glue_7        0x00000000        0x0 linker stubs

.glue_7t        0x00004674        0x0
 .glue_7t       0x00000000        0x0 linker stubs

.vfp11_veneer   0x00004674        0x0
 .vfp11_veneer  0x00000000        0x0 linker stubs

.v4_bx          0x00004674        0x0
 .v4_bx         0x00000000        0x0 linker stubs

.iplt           0x00004674        0x0
 .iplt          0x00000000        0x0 c:/program files (x86)/emblocks/1.10/share/em_armgcc/bin/../lib/gcc/arm-none-eabi/4.7.3/armv7-m/crtbegin.o

.ARM.extab
 *(.ARM.extab* .gnu.linkonce.armextab.*)
                0x00004674                __exidx_start = .

.ARM.exidx      0x00004674        0x8
 *(.ARM.exidx* .gnu.linkonce.armexidx.*)
 .ARM.exidx     0x00004674        0x8 c:/program files (x86)/emblocks/1.10/share/em_armgcc/bin/../lib/gcc/arm-none-eabi/4.7.3/../../../../arm-none-eabi/lib/armv7-m/crt0.o
                0x0000467c                __exidx_end = .
                0x0000467c                __etext = .

.rel.dyn        0x0000467c        0x0
 .rel.iplt      0x00000000        0x0 c:/program files (x86)/emblocks/1.10/share/em_armgcc/bin/../lib/gcc/arm-none-eabi/4.7.3/armv7-m/crtbegin.o

.data           0x20000000      0x444 load address 0x0000467c
                0x20000000                __data_start__ = .
 *(vtable)
 *(.data*)
 .data.p_alarm  0x20000000        0x4 .\obj\setup_alarm_app.o
 .data.SystemHFXOClock
                0x20000004        0x4 .\obj\system_efm32gg.o
 .data.SystemLFXOClock
                0x20000008        0x4 .\obj\system_efm32gg.o
 *fill*         0x2000000c        0x4 
 .data.impure_data
                0x20000010      0x428 c:/program files (x86)/emblocks/1.10/share/em_armgcc/bin/../lib/gcc/arm-none-eabi/4.7.3/../../../../arm-none-eabi/lib/armv7-m\libc.a(lib_a-impure.o)
                0x20000438                . = ALIGN (0x4)
 *(.ram)
                0x20000438                . = ALIGN (0x4)
                0x20000438                PROVIDE (__preinit_array_start, .)
 *(.preinit_array)
                0x20000438                PROVIDE (__preinit_array_end, .)
                0x20000438                . = ALIGN (0x4)
                0x20000438                PROVIDE (__init_array_start, .)
 *(SORT(.init_array.*))
 .init_array.00000
                0x20000438        0x4 c:/program files (x86)/emblocks/1.10/share/em_armgcc/bin/../lib/gcc/arm-none-eabi/4.7.3/../../../../arm-none-eabi/lib/armv7-m\libc.a(lib_a-__call_atexit.o)
 *(.init_array)
 .init_array    0x2000043c        0x4 c:/program files (x86)/emblocks/1.10/share/em_armgcc/bin/../lib/gcc/arm-none-eabi/4.7.3/armv7-m/crtbegin.o
                0x20000440                PROVIDE (__init_array_end, .)
                0x20000440                . = ALIGN (0x4)
                0x20000440                PROVIDE (__fini_array_start, .)
 *(SORT(.fini_array.*))
 *(.fini_array)
 .fini_array    0x20000440        0x4 c:/program files (x86)/emblocks/1.10/share/em_armgcc/bin/../lib/gcc/arm-none-eabi/4.7.3/armv7-m/crtbegin.o
                0x20000444                PROVIDE (__fini_array_end, .)
                0x20000444                . = ALIGN (0x4)
                0x20000444                __data_end__ = .

.jcr            0x20000444        0x0 load address 0x00004ac0
 .jcr           0x20000444        0x0 c:/program files (x86)/emblocks/1.10/share/em_armgcc/bin/../lib/gcc/arm-none-eabi/4.7.3/armv7-m/crtbegin.o

.igot.plt       0x20000444        0x0 load address 0x00004ac0
 .igot.plt      0x00000000        0x0 c:/program files (x86)/emblocks/1.10/share/em_armgcc/bin/../lib/gcc/arm-none-eabi/4.7.3/armv7-m/crtbegin.o

.bss            0x20000444       0x8c load address 0x00004ac0
                0x20000444                __bss_start__ = .
 *(.bss*)
 .bss           0x20000444       0x1c c:/program files (x86)/emblocks/1.10/share/em_armgcc/bin/../lib/gcc/arm-none-eabi/4.7.3/armv7-m/crtbegin.o
 .bss.button    0x20000460        0x1 .\obj\buttons.o
                0x20000460                button
 *fill*         0x20000461        0x1 
 .bss.cmuStatus
                0x20000462        0x2 .\obj\em_emu.o
 .bss.pomodoro_timeout
                0x20000464        0x1 .\obj\pomodoro_app.o
                0x20000464                pomodoro_timeout
 .bss.pomodoro_state
                0x20000465        0x1 .\obj\pomodoro_app.o
 .bss.pomodoros.6036
                0x20000466        0x1 .\obj\pomodoro_app.o
 .bss.state     0x20000467        0x1 .\obj\state_machine.o
                0x20000467                state
 .bss.screen_notification
                0x20000468        0x1 .\obj\time_management.o
                0x20000468                screen_notification
 *(COMMON)
 *fill*         0x20000469        0x3 
 COMMON         0x2000046c        0x7 .\obj\activity_app.o
                0x2000046c                activity
 *fill*         0x20000473        0x1 
 COMMON         0x20000474        0x4 .\obj\blink.o
                0x20000474                msTicks
 COMMON         0x20000478        0x4 .\obj\setup_time_app.o
                0x20000478                clock_setup_state
 COMMON         0x2000047c        0x4 .\obj\system_efm32gg.o
                0x2000047c                SystemCoreClock
 COMMON         0x20000480       0x50 .\obj\time_management.o
                0x20000480                pomodoro
                0x20000494                alarm2
                0x200004a8                currentTime
                0x200004bc                alarm1
                0x200004d0                __bss_end__ = .

.heap           0x200004d0      0xc00
                0x200004d0                __end__ = .
                0x200004d0                end = __end__
                0x200004d0                _end = __end__
 *(.heap*)
 .heap          0x200004d0      0xc00 .\obj\startup_efm32gg.o
                0x200004d0                __HeapBase
                0x200010d0                __HeapLimit = .

.stack_dummy    0x200004d0      0x400
 *(.stack)
 .stack         0x200004d0      0x400 .\obj\startup_efm32gg.o
                0x20020000                __StackTop = (ORIGIN (RAM) + 0x20000)
                0x2001fc00                __StackLimit = (__StackTop - SIZEOF (.stack_dummy))
                0x20020000                PROVIDE (__stack, __StackTop)
                0x00000001                ASSERT ((__StackLimit >= __HeapLimit), region RAM overflowed with stack)
LOAD .\obj\activity_app.o
LOAD .\obj\blink.o
LOAD .\obj\bsp_bcc.o
LOAD .\obj\bsp_stk.o
LOAD .\obj\bsp_stk_leds.o
LOAD .\obj\bsp_trace.o
LOAD .\obj\buttons.o
LOAD .\obj\em_assert.o
LOAD .\obj\em_cmu.o
LOAD .\obj\em_ebi.o
LOAD .\obj\em_emu.o
LOAD .\obj\em_gpio.o
LOAD .\obj\em_lcd.o
LOAD .\obj\em_pcnt.o
LOAD .\obj\em_rtc.o
LOAD .\obj\em_system.o
LOAD .\obj\main_screen_app.o
LOAD .\obj\pomodoro_app.o
LOAD .\obj\segmentlcd.o
LOAD .\obj\setup_alarm_app.o
LOAD .\obj\setup_time_app.o
LOAD .\obj\startup_efm32gg.o
LOAD .\obj\state_machine.o
LOAD .\obj\system_efm32gg.o
LOAD .\obj\time_management.o
LOAD .\obj\variables.o
START GROUP
LOAD c:/program files (x86)/emblocks/1.10/share/em_armgcc/bin/../lib/gcc/arm-none-eabi/4.7.3/armv7-m\libgcc.a
LOAD c:/program files (x86)/emblocks/1.10/share/em_armgcc/bin/../lib/gcc/arm-none-eabi/4.7.3/../../../../arm-none-eabi/lib/armv7-m\libc.a
LOAD c:/program files (x86)/emblocks/1.10/share/em_armgcc/bin/../lib/gcc/arm-none-eabi/4.7.3/../../../../arm-none-eabi/lib/armv7-m\libg.a
LOAD c:/program files (x86)/emblocks/1.10/share/em_armgcc/bin/../lib/gcc/arm-none-eabi/4.7.3/../../../../arm-none-eabi/lib/armv7-m\libm.a
LOAD c:/program files (x86)/emblocks/1.10/share/em_armgcc/bin/../lib/gcc/arm-none-eabi/4.7.3/../../../../arm-none-eabi/lib/armv7-m\libnosys.a
END GROUP
LOAD c:/program files (x86)/emblocks/1.10/share/em_armgcc/bin/../lib/gcc/arm-none-eabi/4.7.3/armv7-m/crtend.o
LOAD c:/program files (x86)/emblocks/1.10/share/em_armgcc/bin/../lib/gcc/arm-none-eabi/4.7.3/armv7-m/crtn.o
OUTPUT(blink.elf elf32-littlearm)

.ARM.attributes
                0x00000000       0x29
 .ARM.attributes
                0x00000000       0x1d c:/program files (x86)/emblocks/1.10/share/em_armgcc/bin/../lib/gcc/arm-none-eabi/4.7.3/armv7-m/crti.o
 .ARM.attributes
                0x0000001d       0x2d c:/program files (x86)/emblocks/1.10/share/em_armgcc/bin/../lib/gcc/arm-none-eabi/4.7.3/armv7-m/crtbegin.o
 .ARM.attributes
                0x0000004a       0x1b c:/program files (x86)/emblocks/1.10/share/em_armgcc/bin/../lib/gcc/arm-none-eabi/4.7.3/../../../../arm-none-eabi/lib/armv7-m/crt0.o
 .ARM.attributes
                0x00000065       0x33 .\obj\activity_app.o
 .ARM.attributes
                0x00000098       0x33 .\obj\blink.o
 .ARM.attributes
                0x000000cb       0x33 .\obj\bsp_stk_leds.o
 .ARM.attributes
                0x000000fe       0x33 .\obj\bsp_trace.o
 .ARM.attributes
                0x00000131       0x33 .\obj\buttons.o
 .ARM.attributes
                0x00000164       0x33 .\obj\em_assert.o
 .ARM.attributes
                0x00000197       0x33 .\obj\em_cmu.o
 .ARM.attributes
                0x000001ca       0x33 .\obj\em_emu.o
 .ARM.attributes
                0x000001fd       0x33 .\obj\em_gpio.o
 .ARM.attributes
                0x00000230       0x33 .\obj\em_lcd.o
 .ARM.attributes
                0x00000263       0x33 .\obj\em_pcnt.o
 .ARM.attributes
                0x00000296       0x33 .\obj\em_rtc.o
 .ARM.attributes
                0x000002c9       0x33 .\obj\em_system.o
 .ARM.attributes
                0x000002fc       0x33 .\obj\main_screen_app.o
 .ARM.attributes
                0x0000032f       0x33 .\obj\pomodoro_app.o
 .ARM.attributes
                0x00000362       0x33 .\obj\segmentlcd.o
 .ARM.attributes
                0x00000395       0x33 .\obj\setup_alarm_app.o
 .ARM.attributes
                0x000003c8       0x33 .\obj\setup_time_app.o
 .ARM.attributes
                0x000003fb       0x1b .\obj\startup_efm32gg.o
 .ARM.attributes
                0x00000416       0x33 .\obj\state_machine.o
 .ARM.attributes
                0x00000449       0x33 .\obj\system_efm32gg.o
 .ARM.attributes
                0x0000047c       0x33 .\obj\time_management.o
 .ARM.attributes
                0x000004af       0x33 .\obj\variables.o
 .ARM.attributes
                0x000004e2       0x2d c:/program files (x86)/emblocks/1.10/share/em_armgcc/bin/../lib/gcc/arm-none-eabi/4.7.3/../../../../arm-none-eabi/lib/armv7-m\libc.a(lib_a-__atexit.o)
 .ARM.attributes
                0x0000050f       0x2d c:/program files (x86)/emblocks/1.10/share/em_armgcc/bin/../lib/gcc/arm-none-eabi/4.7.3/../../../../arm-none-eabi/lib/armv7-m\libc.a(lib_a-exit.o)
 .ARM.attributes
                0x0000053c       0x2d c:/program files (x86)/emblocks/1.10/share/em_armgcc/bin/../lib/gcc/arm-none-eabi/4.7.3/../../../../arm-none-eabi/lib/armv7-m\libc.a(lib_a-fini.o)
 .ARM.attributes
                0x00000569       0x2d c:/program files (x86)/emblocks/1.10/share/em_armgcc/bin/../lib/gcc/arm-none-eabi/4.7.3/../../../../arm-none-eabi/lib/armv7-m\libc.a(lib_a-impure.o)
 .ARM.attributes
                0x00000596       0x2d c:/program files (x86)/emblocks/1.10/share/em_armgcc/bin/../lib/gcc/arm-none-eabi/4.7.3/../../../../arm-none-eabi/lib/armv7-m\libc.a(lib_a-init.o)
 .ARM.attributes
                0x000005c3       0x2d c:/program files (x86)/emblocks/1.10/share/em_armgcc/bin/../lib/gcc/arm-none-eabi/4.7.3/../../../../arm-none-eabi/lib/armv7-m\libc.a(lib_a-memset.o)
 .ARM.attributes
                0x000005f0       0x2d c:/program files (x86)/emblocks/1.10/share/em_armgcc/bin/../lib/gcc/arm-none-eabi/4.7.3/../../../../arm-none-eabi/lib/armv7-m\libc.a(lib_a-strlen.o)
 .ARM.attributes
                0x0000061d       0x2d c:/program files (x86)/emblocks/1.10/share/em_armgcc/bin/../lib/gcc/arm-none-eabi/4.7.3/../../../../arm-none-eabi/lib/armv7-m\libc.a(lib_a-__call_atexit.o)
 .ARM.attributes
                0x0000064a       0x2d c:/program files (x86)/emblocks/1.10/share/em_armgcc/bin/../lib/gcc/arm-none-eabi/4.7.3/../../../../arm-none-eabi/lib/armv7-m\libc.a(lib_a-atexit.o)
 .ARM.attributes
                0x00000677       0x2d c:/program files (x86)/emblocks/1.10/share/em_armgcc/bin/../lib/gcc/arm-none-eabi/4.7.3/../../../../arm-none-eabi/lib/armv7-m\libnosys.a(_exit.o)
 .ARM.attributes
                0x000006a4       0x2d c:/program files (x86)/emblocks/1.10/share/em_armgcc/bin/../lib/gcc/arm-none-eabi/4.7.3/armv7-m/crtend.o
 .ARM.attributes
                0x000006d1       0x1d c:/program files (x86)/emblocks/1.10/share/em_armgcc/bin/../lib/gcc/arm-none-eabi/4.7.3/armv7-m/crtn.o

.comment        0x00000000       0x4e
 .comment       0x00000000       0x4e .\obj\activity_app.o
                                 0x4f (size before relaxing)
 .comment       0x00000000       0x4f .\obj\blink.o
 .comment       0x00000000       0x4f .\obj\bsp_stk_leds.o
 .comment       0x00000000       0x4f .\obj\bsp_trace.o
 .comment       0x00000000       0x4f .\obj\buttons.o
 .comment       0x00000000       0x4f .\obj\em_assert.o
 .comment       0x00000000       0x4f .\obj\em_cmu.o
 .comment       0x00000000       0x4f .\obj\em_emu.o
 .comment       0x00000000       0x4f .\obj\em_gpio.o
 .comment       0x00000000       0x4f .\obj\em_lcd.o
 .comment       0x00000000       0x4f .\obj\em_pcnt.o
 .comment       0x00000000       0x4f .\obj\em_rtc.o
 .comment       0x00000000       0x4f .\obj\em_system.o
 .comment       0x00000000       0x4f .\obj\main_screen_app.o
 .comment       0x00000000       0x4f .\obj\pomodoro_app.o
 .comment       0x00000000       0x4f .\obj\segmentlcd.o
 .comment       0x00000000       0x4f .\obj\setup_alarm_app.o
 .comment       0x00000000       0x4f .\obj\setup_time_app.o
 .comment       0x00000000       0x4f .\obj\state_machine.o
 .comment       0x00000000       0x4f .\obj\system_efm32gg.o
 .comment       0x00000000       0x4f .\obj\time_management.o
 .comment       0x00000000       0x4f .\obj\variables.o

.debug_info     0x00000000     0x8e27
 .debug_info    0x00000000      0xa11 .\obj\activity_app.o
 .debug_info    0x00000a11      0xc30 .\obj\blink.o
 .debug_info    0x00001641      0x733 .\obj\bsp_stk_leds.o
 .debug_info    0x00001d74      0xaea .\obj\bsp_trace.o
 .debug_info    0x0000285e      0x7e9 .\obj\buttons.o
 .debug_info    0x00003047       0x7a .\obj\em_assert.o
 .debug_info    0x000030c1      0xfa3 .\obj\em_cmu.o
 .debug_info    0x00004064      0xa76 .\obj\em_emu.o
 .debug_info    0x00004ada      0x4d4 .\obj\em_gpio.o
 .debug_info    0x00004fae      0xa2d .\obj\em_lcd.o
 .debug_info    0x000059db      0x641 .\obj\em_pcnt.o
 .debug_info    0x0000601c      0x32a .\obj\em_rtc.o
 .debug_info    0x00006346      0x237 .\obj\em_system.o
 .debug_info    0x0000657d      0x13a .\obj\main_screen_app.o
 .debug_info    0x000066b7      0x2a1 .\obj\pomodoro_app.o
 .debug_info    0x00006958     0x101e .\obj\segmentlcd.o
 .debug_info    0x00007976      0x1e3 .\obj\setup_alarm_app.o
 .debug_info    0x00007b59      0x1e1 .\obj\setup_time_app.o
 .debug_info    0x00007d3a       0xd2 .\obj\startup_efm32gg.o
 .debug_info    0x00007e0c      0x140 .\obj\state_machine.o
 .debug_info    0x00007f4c      0x543 .\obj\system_efm32gg.o
 .debug_info    0x0000848f      0x85e .\obj\time_management.o
 .debug_info    0x00008ced      0x13a .\obj\variables.o

.debug_abbrev   0x00000000     0x1ebb
 .debug_abbrev  0x00000000      0x212 .\obj\activity_app.o
 .debug_abbrev  0x00000212      0x209 .\obj\blink.o
 .debug_abbrev  0x0000041b      0x151 .\obj\bsp_stk_leds.o
 .debug_abbrev  0x0000056c      0x156 .\obj\bsp_trace.o
 .debug_abbrev  0x000006c2      0x169 .\obj\buttons.o
 .debug_abbrev  0x0000082b       0x65 .\obj\em_assert.o
 .debug_abbrev  0x00000890      0x2bb .\obj\em_cmu.o
 .debug_abbrev  0x00000b4b      0x244 .\obj\em_emu.o
 .debug_abbrev  0x00000d8f      0x120 .\obj\em_gpio.o
 .debug_abbrev  0x00000eaf      0x1d1 .\obj\em_lcd.o
 .debug_abbrev  0x00001080      0x192 .\obj\em_pcnt.o
 .debug_abbrev  0x00001212      0x198 .\obj\em_rtc.o
 .debug_abbrev  0x000013aa       0xef .\obj\em_system.o
 .debug_abbrev  0x00001499       0xb9 .\obj\main_screen_app.o
 .debug_abbrev  0x00001552      0x118 .\obj\pomodoro_app.o
 .debug_abbrev  0x0000166a      0x17f .\obj\segmentlcd.o
 .debug_abbrev  0x000017e9      0x124 .\obj\setup_alarm_app.o
 .debug_abbrev  0x0000190d      0x118 .\obj\setup_time_app.o
 .debug_abbrev  0x00001a25       0x14 .\obj\startup_efm32gg.o
 .debug_abbrev  0x00001a39       0xa3 .\obj\state_machine.o
 .debug_abbrev  0x00001adc      0x16d .\obj\system_efm32gg.o
 .debug_abbrev  0x00001c49      0x1da .\obj\time_management.o
 .debug_abbrev  0x00001e23       0x98 .\obj\variables.o

.debug_loc      0x00000000     0x1770
 .debug_loc     0x00000000      0x138 .\obj\activity_app.o
 .debug_loc     0x00000138       0x6c .\obj\blink.o
 .debug_loc     0x000001a4      0x1e4 .\obj\bsp_stk_leds.o
 .debug_loc     0x00000388       0x2c .\obj\bsp_trace.o
 .debug_loc     0x000003b4       0xcc .\obj\buttons.o
 .debug_loc     0x00000480       0x20 .\obj\em_assert.o
 .debug_loc     0x000004a0      0x470 .\obj\em_cmu.o
 .debug_loc     0x00000910      0x1e0 .\obj\em_emu.o
 .debug_loc     0x00000af0       0xd0 .\obj\em_gpio.o
 .debug_loc     0x00000bc0      0x28c .\obj\em_lcd.o
 .debug_loc     0x00000e4c      0x1ec .\obj\em_pcnt.o
 .debug_loc     0x00001038      0x104 .\obj\em_rtc.o
 .debug_loc     0x0000113c       0x58 .\obj\em_system.o
 .debug_loc     0x00001194       0x20 .\obj\main_screen_app.o
 .debug_loc     0x000011b4       0x78 .\obj\pomodoro_app.o
 .debug_loc     0x0000122c      0x2d8 .\obj\segmentlcd.o
 .debug_loc     0x00001504       0x40 .\obj\setup_alarm_app.o
 .debug_loc     0x00001544       0x20 .\obj\setup_time_app.o
 .debug_loc     0x00001564       0xb0 .\obj\system_efm32gg.o
 .debug_loc     0x00001614      0x15c .\obj\time_management.o

.debug_aranges  0x00000000      0x7c0
 .debug_aranges
                0x00000000       0x60 .\obj\activity_app.o
 .debug_aranges
                0x00000060       0x40 .\obj\blink.o
 .debug_aranges
                0x000000a0       0x70 .\obj\bsp_stk_leds.o
 .debug_aranges
                0x00000110       0x28 .\obj\bsp_trace.o
 .debug_aranges
                0x00000138       0x48 .\obj\buttons.o
 .debug_aranges
                0x00000180       0x20 .\obj\em_assert.o
 .debug_aranges
                0x000001a0      0x118 .\obj\em_cmu.o
 .debug_aranges
                0x000002b8       0x90 .\obj\em_emu.o
 .debug_aranges
                0x00000348       0x40 .\obj\em_gpio.o
 .debug_aranges
                0x00000388       0xa0 .\obj\em_lcd.o
 .debug_aranges
                0x00000428       0x78 .\obj\em_pcnt.o
 .debug_aranges
                0x000004a0       0x58 .\obj\em_rtc.o
 .debug_aranges
                0x000004f8       0x28 .\obj\em_system.o
 .debug_aranges
                0x00000520       0x20 .\obj\main_screen_app.o
 .debug_aranges
                0x00000540       0x40 .\obj\pomodoro_app.o
 .debug_aranges
                0x00000580       0xb0 .\obj\segmentlcd.o
 .debug_aranges
                0x00000630       0x30 .\obj\setup_alarm_app.o
 .debug_aranges
                0x00000660       0x28 .\obj\setup_time_app.o
 .debug_aranges
                0x00000688       0x20 .\obj\startup_efm32gg.o
 .debug_aranges
                0x000006a8       0x28 .\obj\state_machine.o
 .debug_aranges
                0x000006d0       0x68 .\obj\system_efm32gg.o
 .debug_aranges
                0x00000738       0x68 .\obj\time_management.o
 .debug_aranges
                0x000007a0       0x20 .\obj\variables.o

.debug_ranges   0x00000000      0x640
 .debug_ranges  0x00000000       0x50 .\obj\activity_app.o
 .debug_ranges  0x00000050       0x30 .\obj\blink.o
 .debug_ranges  0x00000080       0x60 .\obj\bsp_stk_leds.o
 .debug_ranges  0x000000e0       0x18 .\obj\bsp_trace.o
 .debug_ranges  0x000000f8       0x38 .\obj\buttons.o
 .debug_ranges  0x00000130       0x10 .\obj\em_assert.o
 .debug_ranges  0x00000140      0x108 .\obj\em_cmu.o
 .debug_ranges  0x00000248       0x80 .\obj\em_emu.o
 .debug_ranges  0x000002c8       0x30 .\obj\em_gpio.o
 .debug_ranges  0x000002f8       0x90 .\obj\em_lcd.o
 .debug_ranges  0x00000388       0x68 .\obj\em_pcnt.o
 .debug_ranges  0x000003f0       0x48 .\obj\em_rtc.o
 .debug_ranges  0x00000438       0x18 .\obj\em_system.o
 .debug_ranges  0x00000450       0x10 .\obj\main_screen_app.o
 .debug_ranges  0x00000460       0x30 .\obj\pomodoro_app.o
 .debug_ranges  0x00000490       0xa0 .\obj\segmentlcd.o
 .debug_ranges  0x00000530       0x20 .\obj\setup_alarm_app.o
 .debug_ranges  0x00000550       0x18 .\obj\setup_time_app.o
 .debug_ranges  0x00000568       0x18 .\obj\state_machine.o
 .debug_ranges  0x00000580       0x58 .\obj\system_efm32gg.o
 .debug_ranges  0x000005d8       0x58 .\obj\time_management.o
 .debug_ranges  0x00000630       0x10 .\obj\variables.o

.debug_line     0x00000000     0x36b5
 .debug_line    0x00000000      0x27f .\obj\activity_app.o
 .debug_line    0x0000027f      0x267 .\obj\blink.o
 .debug_line    0x000004e6      0x2e7 .\obj\bsp_stk_leds.o
 .debug_line    0x000007cd      0x198 .\obj\bsp_trace.o
 .debug_line    0x00000965      0x215 .\obj\buttons.o
 .debug_line    0x00000b7a       0x59 .\obj\em_assert.o
 .debug_line    0x00000bd3      0x7af .\obj\em_cmu.o
 .debug_line    0x00001382      0x392 .\obj\em_emu.o
 .debug_line    0x00001714      0x23c .\obj\em_gpio.o
 .debug_line    0x00001950      0x401 .\obj\em_lcd.o
 .debug_line    0x00001d51      0x363 .\obj\em_pcnt.o
 .debug_line    0x000020b4      0x23e .\obj\em_rtc.o
 .debug_line    0x000022f2      0x1be .\obj\em_system.o
 .debug_line    0x000024b0      0x10f .\obj\main_screen_app.o
 .debug_line    0x000025bf      0x1d9 .\obj\pomodoro_app.o
 .debug_line    0x00002798      0x45b .\obj\segmentlcd.o
 .debug_line    0x00002bf3      0x157 .\obj\setup_alarm_app.o
 .debug_line    0x00002d4a      0x13e .\obj\setup_time_app.o
 .debug_line    0x00002e88       0xc0 .\obj\startup_efm32gg.o
 .debug_line    0x00002f48      0x139 .\obj\state_machine.o
 .debug_line    0x00003081      0x247 .\obj\system_efm32gg.o
 .debug_line    0x000032c8      0x2d1 .\obj\time_management.o
 .debug_line    0x00003599      0x11c .\obj\variables.o

.debug_str      0x00000000     0x2c12
 .debug_str     0x00000000      0xaab .\obj\activity_app.o
                                0xb12 (size before relaxing)
 .debug_str     0x00000aab      0x404 .\obj\blink.o
                                0x5b8 (size before relaxing)
 .debug_str     0x00000eaf       0xfe .\obj\bsp_stk_leds.o
                                0x6de (size before relaxing)
 .debug_str     0x00000fad       0x55 .\obj\bsp_trace.o
                                0x4e0 (size before relaxing)
 .debug_str     0x00001002       0x65 .\obj\buttons.o
                                0x941 (size before relaxing)
 .debug_str     0x00001067       0x39 .\obj\em_assert.o
                                 0xc3 (size before relaxing)
 .debug_str     0x000010a0      0x682 .\obj\em_cmu.o
                                0xb43 (size before relaxing)
 .debug_str     0x00001722      0x3df .\obj\em_emu.o
                                0x682 (size before relaxing)
 .debug_str     0x00001b01       0xfe .\obj\em_gpio.o
                                0x4c1 (size before relaxing)
 .debug_str     0x00001bff      0x6b3 .\obj\em_lcd.o
                                0x850 (size before relaxing)
 .debug_str     0x000022b2      0x103 .\obj\em_pcnt.o
                                0x43d (size before relaxing)
 .debug_str     0x000023b5       0xbc .\obj\em_rtc.o
                                0x23d (size before relaxing)
 .debug_str     0x00002471       0x9c .\obj\em_system.o
                                0x229 (size before relaxing)
 .debug_str     0x0000250d       0x23 .\obj\main_screen_app.o
                                0x195 (size before relaxing)
 .debug_str     0x00002530      0x127 .\obj\pomodoro_app.o
                                0x319 (size before relaxing)
 .debug_str     0x00002657      0x330 .\obj\segmentlcd.o
                                0xc50 (size before relaxing)
 .debug_str     0x00002987       0x6d .\obj\setup_alarm_app.o
                                0x213 (size before relaxing)
 .debug_str     0x000029f4       0x34 .\obj\setup_time_app.o
                                0x21e (size before relaxing)
 .debug_str     0x00002a28       0x13 .\obj\state_machine.o
                                0x204 (size before relaxing)
 .debug_str     0x00002a3b      0x121 .\obj\system_efm32gg.o
                                0x3ff (size before relaxing)
 .debug_str     0x00002b5c       0xa7 .\obj\time_management.o
                                0x8fa (size before relaxing)
 .debug_str     0x00002c03        0xf .\obj\variables.o
                                0x192 (size before relaxing)

.debug_frame    0x00000000     0x1244
 .debug_frame   0x00000000       0xd8 .\obj\activity_app.o
 .debug_frame   0x000000d8       0x74 .\obj\blink.o
 .debug_frame   0x0000014c      0x118 .\obj\bsp_stk_leds.o
 .debug_frame   0x00000264       0x38 .\obj\bsp_trace.o
 .debug_frame   0x0000029c       0x94 .\obj\buttons.o
 .debug_frame   0x00000330       0x24 .\obj\em_assert.o
 .debug_frame   0x00000354      0x2e4 .\obj\em_cmu.o
 .debug_frame   0x00000638      0x154 .\obj\em_emu.o
 .debug_frame   0x0000078c       0x8c .\obj\em_gpio.o
 .debug_frame   0x00000818      0x188 .\obj\em_lcd.o
 .debug_frame   0x000009a0      0x124 .\obj\em_pcnt.o
 .debug_frame   0x00000ac4       0xbc .\obj\em_rtc.o
 .debug_frame   0x00000b80       0x40 .\obj\em_system.o
 .debug_frame   0x00000bc0       0x28 .\obj\main_screen_app.o
 .debug_frame   0x00000be8       0x78 .\obj\pomodoro_app.o
 .debug_frame   0x00000c60      0x1c8 .\obj\segmentlcd.o
 .debug_frame   0x00000e28       0x50 .\obj\setup_alarm_app.o
 .debug_frame   0x00000e78       0x38 .\obj\setup_time_app.o
 .debug_frame   0x00000eb0       0x30 .\obj\state_machine.o
 .debug_frame   0x00000ee0       0xd0 .\obj\system_efm32gg.o
 .debug_frame   0x00000fb0       0xec .\obj\time_management.o
 .debug_frame   0x0000109c       0x20 .\obj\variables.o
 .debug_frame   0x000010bc       0x34 c:/program files (x86)/emblocks/1.10/share/em_armgcc/bin/../lib/gcc/arm-none-eabi/4.7.3/../../../../arm-none-eabi/lib/armv7-m\libc.a(lib_a-__atexit.o)
 .debug_frame   0x000010f0       0x28 c:/program files (x86)/emblocks/1.10/share/em_armgcc/bin/../lib/gcc/arm-none-eabi/4.7.3/../../../../arm-none-eabi/lib/armv7-m\libc.a(lib_a-exit.o)
 .debug_frame   0x00001118       0x2c c:/program files (x86)/emblocks/1.10/share/em_armgcc/bin/../lib/gcc/arm-none-eabi/4.7.3/../../../../arm-none-eabi/lib/armv7-m\libc.a(lib_a-fini.o)
 .debug_frame   0x00001144       0x2c c:/program files (x86)/emblocks/1.10/share/em_armgcc/bin/../lib/gcc/arm-none-eabi/4.7.3/../../../../arm-none-eabi/lib/armv7-m\libc.a(lib_a-init.o)
 .debug_frame   0x00001170       0x2c c:/program files (x86)/emblocks/1.10/share/em_armgcc/bin/../lib/gcc/arm-none-eabi/4.7.3/../../../../arm-none-eabi/lib/armv7-m\libc.a(lib_a-memset.o)
 .debug_frame   0x0000119c       0x20 c:/program files (x86)/emblocks/1.10/share/em_armgcc/bin/../lib/gcc/arm-none-eabi/4.7.3/../../../../arm-none-eabi/lib/armv7-m\libc.a(lib_a-strlen.o)
 .debug_frame   0x000011bc       0x48 c:/program files (x86)/emblocks/1.10/share/em_armgcc/bin/../lib/gcc/arm-none-eabi/4.7.3/../../../../arm-none-eabi/lib/armv7-m\libc.a(lib_a-__call_atexit.o)
 .debug_frame   0x00001204       0x20 c:/program files (x86)/emblocks/1.10/share/em_armgcc/bin/../lib/gcc/arm-none-eabi/4.7.3/../../../../arm-none-eabi/lib/armv7-m\libc.a(lib_a-atexit.o)
 .debug_frame   0x00001224       0x20 c:/program files (x86)/emblocks/1.10/share/em_armgcc/bin/../lib/gcc/arm-none-eabi/4.7.3/../../../../arm-none-eabi/lib/armv7-m\libnosys.a(_exit.o)
